# E1 — the stated relation types

Seven relation types of `graph.py` walk the personalized PageRank of `graphrag.py`. Each row is the same 24 cases and the same seeds, with only the weights changed. The floor is the default weights.

### recall of the wiki's own labels

| configuration | recall@8 | precision@8 | recall@16 | vs the floor: mean, 90 % interval | up / down / same |
|---|---|---|---|---|---|
| default (graphrag.WEIGHTS) | 0.694 | 0.278 | 0.806 | +0.000 [+0.000, +0.000] | 0 / 0 / 24 |
| uniform: every type 1.0 | 0.688 | 0.273 | 0.760 | -0.006 [-0.018, +0.000] | 0 / 1 / 23 |
| only links | 0.681 | 0.278 | 0.798 | -0.014 [-0.055, +0.022] | 2 / 2 / 20 |
| only contests | 0.658 | 0.517 | 0.696 | -0.037 [-0.150, +0.067] | 6 / 6 / 12 |
| only raised_by | 0.607 | 0.433 | 0.715 | -0.088 [-0.192, +0.009] | 4 / 7 / 13 |
| only concerns | 0.531 | 0.608 | 0.531 | -0.164 [-0.251, -0.085] | 0 / 11 / 13 |
| only reads | 0.628 | 0.250 | 0.694 | -0.067 [-0.147, -0.013] | 0 / 5 / 19 |
| only cites | 0.628 | 0.250 | 0.694 | -0.067 [-0.147, -0.013] | 0 / 5 / 19 |
| only asks | 0.531 | 0.608 | 0.531 | -0.164 [-0.251, -0.085] | 0 / 11 / 13 |
| default without links | 0.614 | 0.244 | 0.722 | -0.081 [-0.160, -0.018] | 0 / 5 / 19 |
| default without contests | 0.688 | 0.273 | 0.800 | -0.006 [-0.018, +0.000] | 0 / 1 / 23 |
| default without raised_by | 0.688 | 0.273 | 0.812 | -0.006 [-0.018, +0.000] | 0 / 1 / 23 |
| default without concerns | 0.694 | 0.278 | 0.806 | +0.000 [+0.000, +0.000] | 0 / 0 / 24 |
| default without reads | 0.694 | 0.278 | 0.810 | +0.000 [+0.000, +0.000] | 0 / 0 / 24 |
| default without cites | 0.694 | 0.278 | 0.810 | +0.000 [+0.000, +0.000] | 0 / 0 / 24 |
| default without asks | 0.694 | 0.278 | 0.810 | +0.000 [+0.000, +0.000] | 0 / 0 / 24 |
| seeds alone, no walk (graphrag's `seeds`) | 0.531 | nan | nan | -0.164 [-0.251, -0.085] | 0 / 11 / 13 |
| learned on all 24 (in sample: an upper bound, not a result) | 0.694 | 0.278 | 0.822 | +0.000 [+0.000, +0.000] | 0 / 0 / 24 |
| learned, 6-fold cross-validated (each case scored by weights fitted without it) | 0.694 | 0.278 | 0.812 | +0.000 [+0.000, +0.000] | 0 / 0 / 24 |

**The learned weights** (coordinate ascent over a grid, objective recall@8 + recall@16):

| type | default | learned on all 24 | across the folds: min–max |
|---|---|---|---|
| links | 1.0 | 0.8 | 0.8–1.5 |
| contests | 0.8 | 1.5 | 0.8–2.0 |
| raised_by | 0.8 | 1.5 | 0.8–1.5 |
| concerns | 0.5 | 0.5 | 0.5–0.5 |
| reads | 0.3 | 0.3 | 0.3–0.3 |
| cites | 0.3 | 0.3 | 0.3–0.3 |
| asks | 0.3 | 0.3 | 0.3–0.3 |


real	15m5.062s
user	14m48.506s
sys	0m0.246s
